Info_Message:FIM/J3.7/00:00:01.000
Mask:       <FFFFFFFF FFFFFFFF 0000 0F00 0000 0000 0000 0000 0000 7FFF 0000 0000 01C0 0000 000E 0000 0000 0000 0000 0000 FF80 0FFF 0000 0000 0000 0000 0000 0000 0000 0000 0000 0000 0000 0000 0000 0000 0000 0000 0000 0000>
00:00:00.000 00000050 06000001 0000 0600 0000 0000 0000 0000 0000 0009 178C 0000 00C0 0000 0002 0005 0000 0000 0000 0000 3909 0002 0000 0000 0000 000D 0000 0000 0000 0000 0011 0000 0000 0000 0000 0015 0000 0000 0000 0000
